08:28:12 **** Incremental Build of configuration Debug for project MCU_Lab4 ****
make -j12 all 
arm-none-eabi-gcc "../Core/Src/main.c" -mcpu=cortex-m3 -std=gnu11 -g3 -DDEBUG -DUSE_HAL_DRIVER -DSTM32F103x6 -c -I../Core/Inc -I../Drivers/STM32F1xx_HAL_Driver/Inc -I../Drivers/STM32F1xx_HAL_Driver/Inc/Legacy -I../Drivers/CMSIS/Device/ST/STM32F1xx/Include -I../Drivers/CMSIS/Include -O0 -ffunction-sections -fdata-sections -Wall -fstack-usage -MMD -MP -MF"Core/Src/main.d" -MT"Core/Src/main.o" --specs=nano.specs -mfloat-abi=soft -mthumb -o "Core/Src/main.o"
arm-none-eabi-gcc -o "MCU_Lab4.elf" @"objects.list"   -mcpu=cortex-m3 -T"D:\Documents\Github\MCU_BK2023\MCU_Lab4\STM32F103C6UX_FLASH.ld" --specs=nosys.specs -Wl,-Map="MCU_Lab4.map" -Wl,--gc-sections -static --specs=nano.specs -mfloat-abi=soft -mthumb -Wl,--start-group -lc -lm -Wl,--end-group
Finished building target: MCU_Lab4.elf
 
arm-none-eabi-size   MCU_Lab4.elf 
arm-none-eabi-objdump -h -S  MCU_Lab4.elf  > "MCU_Lab4.list"
arm-none-eabi-objcopy  -O ihex  MCU_Lab4.elf  "MCU_Lab4.hex"
   text	   data	    bss	    dec	    hex	filename
  17236	    120	   1912	  19268	   4b44	MCU_Lab4.elf
Finished building: default.size.stdout
 
Finished building: MCU_Lab4.hex
 
Finished building: MCU_Lab4.list
 

08:28:13 Build Finished. 0 errors, 0 warnings. (took 677ms)

