02:13:37 **** Incremental Build of configuration Debug for project MCU_Lab5 ****
make -j12 all 
arm-none-eabi-gcc "../Core/Src/main.c" -mcpu=cortex-m3 -std=gnu11 -g3 -DDEBUG -DUSE_HAL_DRIVER -DSTM32F103x6 -c -I../Core/Inc -I../Drivers/STM32F1xx_HAL_Driver/Inc -I../Drivers/STM32F1xx_HAL_Driver/Inc/Legacy -I../Drivers/CMSIS/Device/ST/STM32F1xx/Include -I../Drivers/CMSIS/Include -O0 -ffunction-sections -fdata-sections -Wall -fstack-usage -MMD -MP -MF"Core/Src/main.d" -MT"Core/Src/main.o" --specs=nano.specs -mfloat-abi=soft -mthumb -o "Core/Src/main.o"
arm-none-eabi-gcc -o "MCU_Lab5.elf" @"objects.list"   -mcpu=cortex-m3 -T"D:\Documents\Github\MCU_BK2023\MCU_Lab5\STM32F103C6UX_FLASH.ld" --specs=nosys.specs -Wl,-Map="MCU_Lab5.map" -Wl,--gc-sections -static --specs=nano.specs -mfloat-abi=soft -mthumb -Wl,--start-group -lc -lm -Wl,--end-group
Finished building target: MCU_Lab5.elf
 
arm-none-eabi-size   MCU_Lab5.elf 
arm-none-eabi-objdump -h -S  MCU_Lab5.elf  > "MCU_Lab5.list"
arm-none-eabi-objcopy  -O ihex  MCU_Lab5.elf  "MCU_Lab5.hex"
   text	   data	    bss	    dec	    hex	filename
  12484	     20	   1764	  14268	   37bc	MCU_Lab5.elf
Finished building: default.size.stdout
 
Finished building: MCU_Lab5.hex
 
Finished building: MCU_Lab5.list
 

02:13:38 Build Finished. 0 errors, 0 warnings. (took 787ms)

